Initialized native services in: C:\Users\Korisnik\.gradle\native
Initialized jansi services in: C:\Users\Korisnik\.gradle\native
Received JVM installation metadata from 'C:\Users\Korisnik\AppData\Local\Programs\Eclipse Adoptium\jdk-17.0.19.10-hotspot': {JAVA_HOME=C:\Users\Korisnik\AppData\Local\Programs\Eclipse Adoptium\jdk-17.0.19.10-hotspot, JAVA_VERSION=17.0.19, JAVA_VENDOR=Eclipse Adoptium, RUNTIME_NAME=OpenJDK Runtime Environment, RUNTIME_VERSION=17.0.19+10, VM_NAME=OpenJDK 64-Bit Server VM, VM_VERSION=17.0.19+10, VM_VENDOR=Eclipse Adoptium, OS_ARCH=amd64}
The client will now receive all logging from the daemon (pid: 16868). The daemon log file: C:\Users\Korisnik\.gradle\daemon\7.6\daemon-16868.out.log
Starting 2nd build in daemon [uptime: 1 mins 29.076 secs, performance: 100%, non-heap usage: 21% of 256 MiB]
Using 4 worker leases.
Now considering [C:\Users\Korisnik\IdeaProjects\DIS_I225-2025_Mia_Nedeljkovic_SmartCity] as hierarchies to watch
Watching the file system is configured to be enabled if available
File system watching is active
Starting Build
Settings evaluated using settings file 'C:\Users\Korisnik\IdeaProjects\DIS_I225-2025_Mia_Nedeljkovic_SmartCity\settings.gradle'.
Projects loaded. Root project using build file 'C:\Users\Korisnik\IdeaProjects\DIS_I225-2025_Mia_Nedeljkovic_SmartCity\build.gradle'.
Included projects: [root project 'DIS_I225-2025_Mia_Nedeljkovic_SmartCity', project ':api', project ':microservices', project ':spring-cloud', project ':util', project ':microservices:alert-service', project ':microservices:device-service', project ':microservices:incident-service', project ':microservices:telemetry-service', project ':microservices:user-service', project ':spring-cloud:eureka-server', project ':spring-cloud:gateway']

> Configure project :
Evaluating root project 'DIS_I225-2025_Mia_Nedeljkovic_SmartCity' using build file 'C:\Users\Korisnik\IdeaProjects\DIS_I225-2025_Mia_Nedeljkovic_SmartCity\build.gradle'.

> Configure project :api
Evaluating project ':api' using build file 'C:\Users\Korisnik\IdeaProjects\DIS_I225-2025_Mia_Nedeljkovic_SmartCity\api\build.gradle'.
Applying dependency management to configuration 'archives' in project 'api'
Applying dependency management to configuration 'default' in project 'api'
Applying dependency management to configuration 'implementation' in project 'api'
Applying dependency management to configuration 'compileOnly' in project 'api'
Applying dependency management to configuration 'compileClasspath' in project 'api'
Applying dependency management to configuration 'annotationProcessor' in project 'api'
Applying dependency management to configuration 'runtimeOnly' in project 'api'
Applying dependency management to configuration 'runtimeClasspath' in project 'api'
Applying dependency management to configuration 'testImplementation' in project 'api'
Applying dependency management to configuration 'testCompileOnly' in project 'api'
Applying dependency management to configuration 'testCompileClasspath' in project 'api'
Applying dependency management to configuration 'testAnnotationProcessor' in project 'api'
Applying dependency management to configuration 'testRuntimeOnly' in project 'api'
Applying dependency management to configuration 'testRuntimeClasspath' in project 'api'
Applying dependency management to configuration 'testResultsElementsForTest' in project 'api'
Applying dependency management to configuration 'runtimeElements' in project 'api'
Applying dependency management to configuration 'apiElements' in project 'api'
Applying dependency management to configuration 'mainSourceElements' in project 'api'

> Configure project :microservices
Evaluating project ':microservices' using build file 'C:\Users\Korisnik\IdeaProjects\DIS_I225-2025_Mia_Nedeljkovic_SmartCity\microservices\build.gradle'.

> Configure project :spring-cloud
Evaluating project ':spring-cloud' using build file 'C:\Users\Korisnik\IdeaProjects\DIS_I225-2025_Mia_Nedeljkovic_SmartCity\spring-cloud\build.gradle'.

> Configure project :util
Evaluating project ':util' using build file 'C:\Users\Korisnik\IdeaProjects\DIS_I225-2025_Mia_Nedeljkovic_SmartCity\util\build.gradle'.
Applying dependency management to configuration 'archives' in project 'util'
Applying dependency management to configuration 'default' in project 'util'
Applying dependency management to configuration 'implementation' in project 'util'
Applying dependency management to configuration 'compileOnly' in project 'util'
Applying dependency management to configuration 'compileClasspath' in project 'util'
Applying dependency management to configuration 'annotationProcessor' in project 'util'
Applying dependency management to configuration 'runtimeOnly' in project 'util'
Applying dependency management to configuration 'runtimeClasspath' in project 'util'
Applying dependency management to configuration 'testImplementation' in project 'util'
Applying dependency management to configuration 'testCompileOnly' in project 'util'
Applying dependency management to configuration 'testCompileClasspath' in project 'util'
Applying dependency management to configuration 'testAnnotationProcessor' in project 'util'
Applying dependency management to configuration 'testRuntimeOnly' in project 'util'
Applying dependency management to configuration 'testRuntimeClasspath' in project 'util'
Applying dependency management to configuration 'testResultsElementsForTest' in project 'util'
Applying dependency management to configuration 'runtimeElements' in project 'util'
Applying dependency management to configuration 'apiElements' in project 'util'
Applying dependency management to configuration 'mainSourceElements' in project 'util'

> Configure project :microservices:alert-service
Evaluating project ':microservices:alert-service' using build file 'C:\Users\Korisnik\IdeaProjects\DIS_I225-2025_Mia_Nedeljkovic_SmartCity\microservices\alert-service\build.gradle'.
Applying dependency management to configuration 'bootArchives' in project 'alert-service'
Applying dependency management to configuration 'archives' in project 'alert-service'
Applying dependency management to configuration 'default' in project 'alert-service'
Applying dependency management to configuration 'implementation' in project 'alert-service'
Applying dependency management to configuration 'compileOnly' in project 'alert-service'
Applying dependency management to configuration 'compileClasspath' in project 'alert-service'
Applying dependency management to configuration 'annotationProcessor' in project 'alert-service'
Applying dependency management to configuration 'runtimeOnly' in project 'alert-service'
Applying dependency management to configuration 'runtimeClasspath' in project 'alert-service'
Applying dependency management to configuration 'testImplementation' in project 'alert-service'
Applying dependency management to configuration 'testCompileOnly' in project 'alert-service'
Applying dependency management to configuration 'testCompileClasspath' in project 'alert-service'
Applying dependency management to configuration 'testAnnotationProcessor' in project 'alert-service'
Applying dependency management to configuration 'testRuntimeOnly' in project 'alert-service'
Applying dependency management to configuration 'testRuntimeClasspath' in project 'alert-service'
Applying dependency management to configuration 'testResultsElementsForTest' in project 'alert-service'
Applying dependency management to configuration 'runtimeElements' in project 'alert-service'
Applying dependency management to configuration 'apiElements' in project 'alert-service'
Applying dependency management to configuration 'mainSourceElements' in project 'alert-service'
Applying dependency management to configuration 'developmentOnly' in project 'alert-service'
Applying dependency management to configuration 'productionRuntimeClasspath' in project 'alert-service'

> Configure project :microservices:device-service
Evaluating project ':microservices:device-service' using build file 'C:\Users\Korisnik\IdeaProjects\DIS_I225-2025_Mia_Nedeljkovic_SmartCity\microservices\device-service\build.gradle'.
Applying dependency management to configuration 'bootArchives' in project 'device-service'
Applying dependency management to configuration 'archives' in project 'device-service'
Applying dependency management to configuration 'default' in project 'device-service'
Applying dependency management to configuration 'implementation' in project 'device-service'
Applying dependency management to configuration 'compileOnly' in project 'device-service'
Applying dependency management to configuration 'compileClasspath' in project 'device-service'
Applying dependency management to configuration 'annotationProcessor' in project 'device-service'
Applying dependency management to configuration 'runtimeOnly' in project 'device-service'
Applying dependency management to configuration 'runtimeClasspath' in project 'device-service'
Applying dependency management to configuration 'testImplementation' in project 'device-service'
Applying dependency management to configuration 'testCompileOnly' in project 'device-service'
Applying dependency management to configuration 'testCompileClasspath' in project 'device-service'
Applying dependency management to configuration 'testAnnotationProcessor' in project 'device-service'
Applying dependency management to configuration 'testRuntimeOnly' in project 'device-service'
Applying dependency management to configuration 'testRuntimeClasspath' in project 'device-service'
Applying dependency management to configuration 'testResultsElementsForTest' in project 'device-service'
Applying dependency management to configuration 'runtimeElements' in project 'device-service'
Applying dependency management to configuration 'apiElements' in project 'device-service'
Applying dependency management to configuration 'mainSourceElements' in project 'device-service'
Applying dependency management to configuration 'developmentOnly' in project 'device-service'
Applying dependency management to configuration 'productionRuntimeClasspath' in project 'device-service'

> Configure project :microservices:incident-service
Evaluating project ':microservices:incident-service' using build file 'C:\Users\Korisnik\IdeaProjects\DIS_I225-2025_Mia_Nedeljkovic_SmartCity\microservices\incident-service\build.gradle'.
Applying dependency management to configuration 'bootArchives' in project 'incident-service'
Applying dependency management to configuration 'archives' in project 'incident-service'
Applying dependency management to configuration 'default' in project 'incident-service'
Applying dependency management to configuration 'implementation' in project 'incident-service'
Applying dependency management to configuration 'compileOnly' in project 'incident-service'
Applying dependency management to configuration 'compileClasspath' in project 'incident-service'
Applying dependency management to configuration 'annotationProcessor' in project 'incident-service'
Applying dependency management to configuration 'runtimeOnly' in project 'incident-service'
Applying dependency management to configuration 'runtimeClasspath' in project 'incident-service'
Applying dependency management to configuration 'testImplementation' in project 'incident-service'
Applying dependency management to configuration 'testCompileOnly' in project 'incident-service'
Applying dependency management to configuration 'testCompileClasspath' in project 'incident-service'
Applying dependency management to configuration 'testAnnotationProcessor' in project 'incident-service'
Applying dependency management to configuration 'testRuntimeOnly' in project 'incident-service'
Applying dependency management to configuration 'testRuntimeClasspath' in project 'incident-service'
Applying dependency management to configuration 'testResultsElementsForTest' in project 'incident-service'
Applying dependency management to configuration 'runtimeElements' in project 'incident-service'
Applying dependency management to configuration 'apiElements' in project 'incident-service'
Applying dependency management to configuration 'mainSourceElements' in project 'incident-service'
Applying dependency management to configuration 'developmentOnly' in project 'incident-service'
Applying dependency management to configuration 'productionRuntimeClasspath' in project 'incident-service'

> Configure project :microservices:telemetry-service
Evaluating project ':microservices:telemetry-service' using build file 'C:\Users\Korisnik\IdeaProjects\DIS_I225-2025_Mia_Nedeljkovic_SmartCity\microservices\telemetry-service\build.gradle'.
Applying dependency management to configuration 'bootArchives' in project 'telemetry-service'
Applying dependency management to configuration 'archives' in project 'telemetry-service'
Applying dependency management to configuration 'default' in project 'telemetry-service'
Applying dependency management to configuration 'implementation' in project 'telemetry-service'
Applying dependency management to configuration 'compileOnly' in project 'telemetry-service'
Applying dependency management to configuration 'compileClasspath' in project 'telemetry-service'
Applying dependency management to configuration 'annotationProcessor' in project 'telemetry-service'
Applying dependency management to configuration 'runtimeOnly' in project 'telemetry-service'
Applying dependency management to configuration 'runtimeClasspath' in project 'telemetry-service'
Applying dependency management to configuration 'testImplementation' in project 'telemetry-service'
Applying dependency management to configuration 'testCompileOnly' in project 'telemetry-service'
Applying dependency management to configuration 'testCompileClasspath' in project 'telemetry-service'
Applying dependency management to configuration 'testAnnotationProcessor' in project 'telemetry-service'
Applying dependency management to configuration 'testRuntimeOnly' in project 'telemetry-service'
Applying dependency management to configuration 'testRuntimeClasspath' in project 'telemetry-service'
Applying dependency management to configuration 'testResultsElementsForTest' in project 'telemetry-service'
Applying dependency management to configuration 'runtimeElements' in project 'telemetry-service'
Applying dependency management to configuration 'apiElements' in project 'telemetry-service'
Applying dependency management to configuration 'mainSourceElements' in project 'telemetry-service'
Applying dependency management to configuration 'developmentOnly' in project 'telemetry-service'
Applying dependency management to configuration 'productionRuntimeClasspath' in project 'telemetry-service'

> Configure project :microservices:user-service
Evaluating project ':microservices:user-service' using build file 'C:\Users\Korisnik\IdeaProjects\DIS_I225-2025_Mia_Nedeljkovic_SmartCity\microservices\user-service\build.gradle'.
Applying dependency management to configuration 'bootArchives' in project 'user-service'
Applying dependency management to configuration 'archives' in project 'user-service'
Applying dependency management to configuration 'default' in project 'user-service'
Applying dependency management to configuration 'implementation' in project 'user-service'
Applying dependency management to configuration 'compileOnly' in project 'user-service'
Applying dependency management to configuration 'compileClasspath' in project 'user-service'
Applying dependency management to configuration 'annotationProcessor' in project 'user-service'
Applying dependency management to configuration 'runtimeOnly' in project 'user-service'
Applying dependency management to configuration 'runtimeClasspath' in project 'user-service'
Applying dependency management to configuration 'testImplementation' in project 'user-service'
Applying dependency management to configuration 'testCompileOnly' in project 'user-service'
Applying dependency management to configuration 'testCompileClasspath' in project 'user-service'
Applying dependency management to configuration 'testAnnotationProcessor' in project 'user-service'
Applying dependency management to configuration 'testRuntimeOnly' in project 'user-service'
Applying dependency management to configuration 'testRuntimeClasspath' in project 'user-service'
Applying dependency management to configuration 'testResultsElementsForTest' in project 'user-service'
Applying dependency management to configuration 'runtimeElements' in project 'user-service'
Applying dependency management to configuration 'apiElements' in project 'user-service'
Applying dependency management to configuration 'mainSourceElements' in project 'user-service'
Applying dependency management to configuration 'developmentOnly' in project 'user-service'
Applying dependency management to configuration 'productionRuntimeClasspath' in project 'user-service'

> Configure project :spring-cloud:eureka-server
Evaluating project ':spring-cloud:eureka-server' using build file 'C:\Users\Korisnik\IdeaProjects\DIS_I225-2025_Mia_Nedeljkovic_SmartCity\spring-cloud\eureka-server\build.gradle'.
Applying dependency management to configuration 'bootArchives' in project 'eureka-server'
Applying dependency management to configuration 'archives' in project 'eureka-server'
Applying dependency management to configuration 'default' in project 'eureka-server'
Applying dependency management to configuration 'implementation' in project 'eureka-server'
Applying dependency management to configuration 'compileOnly' in project 'eureka-server'
Applying dependency management to configuration 'compileClasspath' in project 'eureka-server'
Applying dependency management to configuration 'annotationProcessor' in project 'eureka-server'
Applying dependency management to configuration 'runtimeOnly' in project 'eureka-server'
Applying dependency management to configuration 'runtimeClasspath' in project 'eureka-server'
Applying dependency management to configuration 'testImplementation' in project 'eureka-server'
Applying dependency management to configuration 'testCompileOnly' in project 'eureka-server'
Applying dependency management to configuration 'testCompileClasspath' in project 'eureka-server'
Applying dependency management to configuration 'testAnnotationProcessor' in project 'eureka-server'
Applying dependency management to configuration 'testRuntimeOnly' in project 'eureka-server'
Applying dependency management to configuration 'testRuntimeClasspath' in project 'eureka-server'
Applying dependency management to configuration 'testResultsElementsForTest' in project 'eureka-server'
Applying dependency management to configuration 'runtimeElements' in project 'eureka-server'
Applying dependency management to configuration 'apiElements' in project 'eureka-server'
Applying dependency management to configuration 'mainSourceElements' in project 'eureka-server'
Applying dependency management to configuration 'developmentOnly' in project 'eureka-server'
Applying dependency management to configuration 'productionRuntimeClasspath' in project 'eureka-server'

> Configure project :spring-cloud:gateway
Evaluating project ':spring-cloud:gateway' using build file 'C:\Users\Korisnik\IdeaProjects\DIS_I225-2025_Mia_Nedeljkovic_SmartCity\spring-cloud\gateway\build.gradle'.
Applying dependency management to configuration 'bootArchives' in project 'gateway'
Applying dependency management to configuration 'archives' in project 'gateway'
Applying dependency management to configuration 'default' in project 'gateway'
Applying dependency management to configuration 'implementation' in project 'gateway'
Applying dependency management to configuration 'compileOnly' in project 'gateway'
Applying dependency management to configuration 'compileClasspath' in project 'gateway'
Applying dependency management to configuration 'annotationProcessor' in project 'gateway'
Applying dependency management to configuration 'runtimeOnly' in project 'gateway'
Applying dependency management to configuration 'runtimeClasspath' in project 'gateway'
Applying dependency management to configuration 'testImplementation' in project 'gateway'
Applying dependency management to configuration 'testCompileOnly' in project 'gateway'
Applying dependency management to configuration 'testCompileClasspath' in project 'gateway'
Applying dependency management to configuration 'testAnnotationProcessor' in project 'gateway'
Applying dependency management to configuration 'testRuntimeOnly' in project 'gateway'
Applying dependency management to configuration 'testRuntimeClasspath' in project 'gateway'
Applying dependency management to configuration 'testResultsElementsForTest' in project 'gateway'
Applying dependency management to configuration 'runtimeElements' in project 'gateway'
Applying dependency management to configuration 'apiElements' in project 'gateway'
Applying dependency management to configuration 'mainSourceElements' in project 'gateway'
Applying dependency management to configuration 'developmentOnly' in project 'gateway'
Applying dependency management to configuration 'productionRuntimeClasspath' in project 'gateway'
All projects evaluated.
Task path ':microservices:alert-service:test' matched project ':microservices:alert-service'
Task name matched 'test'
Selected primary task 'test' from project :microservices:alert-service
Tasks to be executed: [task ':api:compileJava', task ':api:processResources', task ':api:classes', task ':api:jar', task ':util:compileJava', task ':util:processResources', task ':util:classes', task ':util:jar', task ':microservices:alert-service:compileJava', task ':microservices:alert-service:processResources', task ':microservices:alert-service:classes', task ':microservices:alert-service:compileTestJava', task ':microservices:alert-service:processTestResources', task ':microservices:alert-service:testClasses', task ':microservices:alert-service:test']
Tasks that were excluded: []
Resolve mutations for :api:compileJava (Thread[included builds,5,main]) started.
:api:compileJava (Thread[included builds,5,main]) started.

> Task :api:compileJava
Excluding []
Excluding []
Caching disabled for task ':api:compileJava' because:
  Build cache is disabled
Skipping task ':api:compileJava' as it is up-to-date.

> Task :api:compileJava UP-TO-DATE
Resolve mutations for :api:processResources (Thread[included builds,5,main]) started.
:api:processResources (Thread[Execution worker Thread 2,5,main]) started.

> Task :api:processResources NO-SOURCE
Skipping task ':api:processResources' as it has no source files and no previous output files.
Resolve mutations for :api:classes (Thread[included builds,5,main]) started.
:api:classes (Thread[included builds,5,main]) started.

> Task :api:classes UP-TO-DATE
Skipping task ':api:classes' as it has no actions.
Resolve mutations for :api:jar (Thread[included builds,5,main]) started.
:api:jar (Thread[included builds,5,main]) started.

> Task :api:jar UP-TO-DATE
Caching disabled for task ':api:jar' because:
  Build cache is disabled
Skipping task ':api:jar' as it is up-to-date.
work action resolve api.jar (project :api) (Thread[Execution worker Thread 2,5,main]) started.
Resolve mutations for :util:compileJava (Thread[Execution worker Thread 2,5,main]) started.
:util:compileJava (Thread[Execution worker Thread 3,5,main]) started.

> Task :util:compileJava UP-TO-DATE
Excluding []
Excluding []
Caching disabled for task ':util:compileJava' because:
  Build cache is disabled
Skipping task ':util:compileJava' as it is up-to-date.
Resolve mutations for :util:processResources (Thread[Execution worker Thread 2,5,main]) started.
:util:processResources (Thread[Execution worker Thread 2,5,main]) started.

> Task :util:processResources NO-SOURCE
Skipping task ':util:processResources' as it has no source files and no previous output files.
Resolve mutations for :util:classes (Thread[Execution worker Thread 2,5,main]) started.
:util:classes (Thread[Execution worker Thread 3,5,main]) started.

> Task :util:classes UP-TO-DATE
Skipping task ':util:classes' as it has no actions.
Resolve mutations for :util:jar (Thread[Execution worker Thread 3,5,main]) started.
:util:jar (Thread[Execution worker Thread 3,5,main]) started.

> Task :util:jar UP-TO-DATE
Caching disabled for task ':util:jar' because:
  Build cache is disabled
Skipping task ':util:jar' as it is up-to-date.
work action resolve util.jar (project :util) (Thread[Execution worker Thread 3,5,main]) started.
Resolve mutations for :microservices:alert-service:compileJava (Thread[Execution worker Thread 3,5,main]) started.
:microservices:alert-service:compileJava (Thread[Execution worker Thread 3,5,main]) started.

> Task :microservices:alert-service:compileJava
Resolving global dependency management for project 'alert-service'
Excluding [com.netflix.archaius:archaius-core, commons-logging:commons-logging, javax.servlet:servlet-api, com.github.vlsi.compactmap:compactmap, com.github.andrewoma.dexx:dexx-collections]
Excluding []
Caching disabled for task ':microservices:alert-service:compileJava' because:
  Build cache is disabled
Skipping task ':microservices:alert-service:compileJava' as it is up-to-date.

> Task :microservices:alert-service:compileJava UP-TO-DATE
Resolve mutations for :microservices:alert-service:processResources (Thread[Execution worker,5,main]) started.
:microservices:alert-service:processResources (Thread[Execution worker,5,main]) started.

> Task :microservices:alert-service:processResources UP-TO-DATE
Caching disabled for task ':microservices:alert-service:processResources' because:
  Build cache is disabled
Skipping task ':microservices:alert-service:processResources' as it is up-to-date.
Resolve mutations for :microservices:alert-service:classes (Thread[Execution worker,5,main]) started.
:microservices:alert-service:classes (Thread[Execution worker,5,main]) started.

> Task :microservices:alert-service:classes UP-TO-DATE
Skipping task ':microservices:alert-service:classes' as it has no actions.
Resolve mutations for :microservices:alert-service:compileTestJava (Thread[Execution worker Thread 3,5,main]) started.
:microservices:alert-service:compileTestJava (Thread[Execution worker Thread 3,5,main]) started.

> Task :microservices:alert-service:compileTestJava UP-TO-DATE
Excluding []
Excluding []
Caching disabled for task ':microservices:alert-service:compileTestJava' because:
  Build cache is disabled
Skipping task ':microservices:alert-service:compileTestJava' as it is up-to-date.
Resolve mutations for :microservices:alert-service:processTestResources (Thread[Execution worker Thread 3,5,main]) started.
:microservices:alert-service:processTestResources (Thread[Execution worker Thread 3,5,main]) started.

> Task :microservices:alert-service:processTestResources UP-TO-DATE
Caching disabled for task ':microservices:alert-service:processTestResources' because:
  Build cache is disabled
Skipping task ':microservices:alert-service:processTestResources' as it is up-to-date.
Resolve mutations for :microservices:alert-service:testClasses (Thread[Execution worker Thread 3,5,main]) started.
:microservices:alert-service:testClasses (Thread[Execution worker,5,main]) started.

> Task :microservices:alert-service:testClasses UP-TO-DATE
Skipping task ':microservices:alert-service:testClasses' as it has no actions.
Resolve mutations for :microservices:alert-service:test (Thread[Execution worker,5,main]) started.
producer locations for task group 0 (Thread[Execution worker,5,main]) started.
:microservices:alert-service:test (Thread[Execution worker Thread 3,5,main]) started.

> Task :microservices:alert-service:test
Excluding []
Caching disabled for task ':microservices:alert-service:test' because:
  Build cache is disabled
Task ':microservices:alert-service:test' is not up-to-date because:
  Task has failed previously.
Starting process 'Gradle Test Executor 2'. Working directory: C:\Users\Korisnik\IdeaProjects\DIS_I225-2025_Mia_Nedeljkovic_SmartCity\microservices\alert-service Command: C:\Users\Korisnik\AppData\Local\Programs\Eclipse Adoptium\jdk-17.0.19.10-hotspot\bin\java.exe -Dorg.gradle.internal.worker.tmpdir=C:\Users\Korisnik\IdeaProjects\DIS_I225-2025_Mia_Nedeljkovic_SmartCity\microservices\alert-service\build\tmp\test\work -Dorg.gradle.native=false @C:\Users\Korisnik\.gradle\.tmp\gradle-worker-classpath17095897425716175522txt -Xmx512m -Dfile.encoding=windows-1252 -Duser.country=DE -Duser.language=de -Duser.variant -ea worker.org.gradle.process.internal.worker.GradleWorkerMain 'Gradle Test Executor 2'
Successfully started process 'Gradle Test Executor 2'

Gradle Test Executor 2 started executing tests.

> Task :microservices:alert-service:test

PersistenceTests STANDARD_OUT
    2026-06-21T17:17:00.379+02:00  INFO   --- [    Test worker] t.c.s.AnnotationConfigContextLoaderUtils : Could not detect default configuration classes for test class [se.magnus.microservices.core.alert.PersistenceTests]: PersistenceTests does not declare any static, non-private, non-final, nested classes annotated with @Configuration.
    2026-06-21T17:17:02.223+02:00  INFO   --- [    Test worker] .b.t.c.SpringBootTestContextBootstrapper : Found @SpringBootConfiguration se.magnus.microservices.core.alert.AlertServiceApplication for test class se.magnus.microservices.core.alert.PersistenceTests
    2026-06-21T17:17:03.781+02:00  INFO   --- [    Test worker] org.testcontainers.images.PullPolicy     : Image pull policy will be performed by: DefaultPullPolicy()
    2026-06-21T17:17:04.407+02:00  INFO   --- [    Test worker] o.t.utility.ImageNameSubstitutor         : Image name substitution will be performed by: DefaultImageNameSubstitutor (composite of 'ConfigurationFileImageNameSubstitutor' and 'PrefixingImageNameSubstitutor')
    2026-06-21T17:17:06.548+02:00  INFO   --- [    Test worker] .t.d.DockerMachineClientProviderStrategy : docker-machine executable was not found on PATH ([C:\WINDOWS\system32, C:\WINDOWS, C:\WINDOWS\System32\Wbem, C:\WINDOWS\System32\WindowsPowerShell\v1.0\, C:\WINDOWS\System32\OpenSSH\, C:\Program Files\Microsoft SQL Server\150\Tools\Binn\, C:\Program Files\Microsoft SQL Server\Client SDK\ODBC\170\Tools\Binn\, C:\Program Files\dotnet\, C:\Program Files (x86)\Microsoft SQL Server\160\Tools\Binn\, C:\Program Files\Microsoft SQL Server\160\Tools\Binn\, C:\Program Files\Microsoft SQL Server\160\DTS\Binn\, C:\Program Files\Git\cmd, C:\Program Files\Docker\Docker\resources\bin, C:\Program Files\MATLAB\R2026a\bin, C:\Users\Korisnik\AppData\Local\Programs\Eclipse Adoptium\jdk-17.0.19.10-hotspot\bin, C:\Users\Korisnik\AppData\Local\Programs\Eclipse Adoptium\jdk-25.0.3.9-hotspot\bin, C:\Users\Korisnik\AppData\Local\Microsoft\WindowsApps, C:\Users\Korisnik\.dotnet\tools, C:\Users\Korisnik\AppData\Local\Programs\cursor\resources\app\bin, C:\Program Files\JetBrains\IntelliJ IDEA 2026.1.2\bin])
    2026-06-21T17:17:06.550+02:00 ERROR   --- [    Test worker] o.t.d.DockerClientProviderStrategy       : Could not find a valid Docker environment. Please check configuration. Attempted configurations were:
    	NpipeSocketClientProviderStrategy: failed with exception BadRequestException (Status 400: {"ID":"","Containers":0,"ContainersRunning":0,"ContainersPaused":0,"ContainersStopped":0,"Images":0,"Driver":"","DriverStatus":null,"Plugins":{"Volume":null,"Network":null,"Authorization":null,"Log":null},"MemoryLimit":false,"SwapLimit":false,"CpuCfsPeriod":false,"CpuCfsQuota":false,"CPUShares":false,"CPUSet":false,"PidsLimit":false,"IPv4Forwarding":false,"Debug":false,"NFd":0,"OomKillDisable":false,"NGoroutines":0,"SystemTime":"","LoggingDriver":"","CgroupDriver":"","NEventsListener":0,"KernelVersion":"","OperatingSystem":"","OSVersion":"","OSType":"","Architecture":"","IndexServerAddress":"","RegistryConfig":null,"NCPU":0,"MemTotal":0,"GenericResources":null,"DockerRootDir":"","HttpProxy":"","HttpsProxy":"","NoProxy":"","Name":"","Labels":["com.docker.desktop.address=npipe://\\\\.\\pipe\\docker_cli"],"ExperimentalBuild":false,"ServerVersion":"","Runtimes":null,"DefaultRuntime":"","Swarm":{"NodeID":"","NodeAddr":"","LocalNodeState":"","ControlAvailable":false,"Error":"","RemoteManagers":null},"LiveRestoreEnabled":false,"Isolation":"","InitBinary":"","ContainerdCommit":{"ID":""},"RuncCommit":{"ID":""},"InitCommit":{"ID":""},"SecurityOptions":null,"CDISpecDirs":null,"Warnings":null})As no valid configuration was found, execution cannot continue.
    See https://java.testcontainers.org/on_failure.html for more details.

PersistenceTests > optimisticLockError() FAILED
    java.lang.ExceptionInInitializerError
        at java.base/jdk.internal.reflect.NativeConstructorAccessorImpl.newInstance0(Native Method)
        at java.base/jdk.internal.reflect.NativeConstructorAccessorImpl.newInstance(NativeConstructorAccessorImpl.java:77)
        at java.base/jdk.internal.reflect.DelegatingConstructorAccessorImpl.newInstance(DelegatingConstructorAccessorImpl.java:45)
        at java.base/java.lang.reflect.Constructor.newInstanceWithCaller(Constructor.java:500)
        at java.base/java.lang.reflect.Constructor.newInstance(Constructor.java:481)
        at org.junit.platform.commons.util.ReflectionUtils.newInstance(ReflectionUtils.java:552)
        at org.junit.jupiter.engine.execution.ConstructorInvocation.proceed(ConstructorInvocation.java:56)
        at org.junit.jupiter.engine.execution.InvocationInterceptorChain$ValidatingInvocation.proceed(InvocationInterceptorChain.java:131)
        at org.junit.jupiter.api.extension.InvocationInterceptor.interceptTestClassConstructor(InvocationInterceptor.java:73)
        at org.junit.jupiter.engine.execution.InterceptingExecutableInvoker.lambda$invoke$0(InterceptingExecutableInvoker.java:93)
        at org.junit.jupiter.engine.execution.InvocationInterceptorChain$InterceptedInvocation.proceed(InvocationInterceptorChain.java:106)
        at org.junit.jupiter.engine.execution.InvocationInterceptorChain.proceed(InvocationInterceptorChain.java:64)
        at org.junit.jupiter.engine.execution.InvocationInterceptorChain.chainAndInvoke(InvocationInterceptorChain.java:45)
        at org.junit.jupiter.engine.execution.InvocationInterceptorChain.invoke(InvocationInterceptorChain.java:37)
        at org.junit.jupiter.engine.execution.InterceptingExecutableInvoker.invoke(InterceptingExecutableInvoker.java:92)
        at org.junit.jupiter.engine.execution.InterceptingExecutableInvoker.invoke(InterceptingExecutableInvoker.java:62)
        at org.junit.jupiter.engine.descriptor.ClassBasedTestDescriptor.invokeTestClassConstructor(ClassBasedTestDescriptor.java:363)
        at org.junit.jupiter.engine.descriptor.ClassBasedTestDescriptor.instantiateTestClass(ClassBasedTestDescriptor.java:310)
        at org.junit.jupiter.engine.descriptor.ClassTestDescriptor.instantiateTestClass(ClassTestDescriptor.java:79)
        at org.junit.jupiter.engine.descriptor.ClassBasedTestDescriptor.instantiateAndPostProcessTestInstance(ClassBasedTestDescriptor.java:286)
        at org.junit.jupiter.engine.descriptor.ClassBasedTestDescriptor.lambda$testInstancesProvider$4(ClassBasedTestDescriptor.java:278)
        at java.base/java.util.Optional.orElseGet(Optional.java:364)
        at org.junit.jupiter.engine.descriptor.ClassBasedTestDescriptor.lambda$testInstancesProvider$5(ClassBasedTestDescriptor.java:277)
        at org.junit.jupiter.engine.execution.TestInstancesProvider.getTestInstances(TestInstancesProvider.java:31)
        at org.junit.jupiter.engine.descriptor.TestMethodTestDescriptor.lambda$prepare$0(TestMethodTestDescriptor.java:105)
        at org.junit.platform.engine.support.hierarchical.ThrowableCollector.execute(ThrowableCollector.java:73)
        at org.junit.jupiter.engine.descriptor.TestMethodTestDescriptor.prepare(TestMethodTestDescriptor.java:104)
        at org.junit.jupiter.engine.descriptor.TestMethodTestDescriptor.prepare(TestMethodTestDescriptor.java:68)
        at org.junit.platform.engine.support.hierarchical.NodeTestTask.lambda$prepare$2(NodeTestTask.java:123)
        at org.junit.platform.engine.support.hierarchical.ThrowableCollector.execute(ThrowableCollector.java:73)
        at org.junit.platform.engine.support.hierarchical.NodeTestTask.prepare(NodeTestTask.java:123)
        at org.junit.platform.engine.support.hierarchical.NodeTestTask.execute(NodeTestTask.java:90)
        at java.base/java.util.ArrayList.forEach(ArrayList.java:1511)
        at org.junit.platform.engine.support.hierarchical.SameThreadHierarchicalTestExecutorService.invokeAll(SameThreadHierarchicalTestExecutorService.java:41)
        at org.junit.platform.engine.support.hierarchical.NodeTestTask.lambda$executeRecursively$6(NodeTestTask.java:155)
        at org.junit.platform.engine.support.hierarchical.ThrowableCollector.execute(ThrowableCollector.java:73)
        at org.junit.platform.engine.support.hierarchical.NodeTestTask.lambda$executeRecursively$8(NodeTestTask.java:141)
        at org.junit.platform.engine.support.hierarchical.Node.around(Node.java:137)
        at org.junit.platform.engine.support.hierarchical.NodeTestTask.lambda$executeRecursively$9(NodeTestTask.java:139)
        at org.junit.platform.engine.support.hierarchical.ThrowableCollector.execute(ThrowableCollector.java:73)
        at org.junit.platform.engine.support.hierarchical.NodeTestTask.executeRecursively(NodeTestTask.java:138)
        at org.junit.platform.engine.support.hierarchical.NodeTestTask.execute(NodeTestTask.java:95)
        at java.base/java.util.ArrayList.forEach(ArrayList.java:1511)
        at org.junit.platform.engine.support.hierarchical.SameThreadHierarchicalTestExecutorService.invokeAll(SameThreadHierarchicalTestExecutorService.java:41)
        at org.junit.platform.engine.support.hierarchical.NodeTestTask.lambda$executeRecursively$6(NodeTestTask.java:155)
        at org.junit.platform.engine.support.hierarchical.ThrowableCollector.execute(ThrowableCollector.java:73)
        at org.junit.platform.engine.support.hierarchical.NodeTestTask.lambda$executeRecursively$8(NodeTestTask.java:141)
        at org.junit.platform.engine.support.hierarchical.Node.around(Node.java:137)
        at org.junit.platform.engine.support.hierarchical.NodeTestTask.lambda$executeRecursively$9(NodeTestTask.java:139)
        at org.junit.platform.engine.support.hierarchical.ThrowableCollector.execute(ThrowableCollector.java:73)
        at org.junit.platform.engine.support.hierarchical.NodeTestTask.executeRecursively(NodeTestTask.java:138)
        at org.junit.platform.engine.support.hierarchical.NodeTestTask.execute(NodeTestTask.java:95)
        at org.junit.platform.engine.support.hierarchical.SameThreadHierarchicalTestExecutorService.submit(SameThreadHierarchicalTestExecutorService.java:35)
        at org.junit.platform.engine.support.hierarchical.HierarchicalTestExecutor.execute(HierarchicalTestExecutor.java:57)
        at org.junit.platform.engine.support.hierarchical.HierarchicalTestEngine.execute(HierarchicalTestEngine.java:54)
        at org.junit.platform.launcher.core.EngineExecutionOrchestrator.execute(EngineExecutionOrchestrator.java:107)
        at org.junit.platform.launcher.core.EngineExecutionOrchestrator.execute(EngineExecutionOrchestrator.java:88)
        at org.junit.platform.launcher.core.EngineExecutionOrchestrator.lambda$execute$0(EngineExecutionOrchestrator.java:54)
        at org.junit.platform.launcher.core.EngineExecutionOrchestrator.withInterceptedStreams(EngineExecutionOrchestrator.java:67)
        at org.junit.platform.launcher.core.EngineExecutionOrchestrator.execute(EngineExecutionOrchestrator.java:52)
        at org.junit.platform.launcher.core.DefaultLauncher.execute(DefaultLauncher.java:114)
        at org.junit.platform.launcher.core.DefaultLauncher.execute(DefaultLauncher.java:86)
        at org.junit.platform.launcher.core.DefaultLauncherSession$DelegatingLauncher.execute(DefaultLauncherSession.java:86)
        at org.junit.platform.launcher.core.SessionPerRequestLauncher.execute(SessionPerRequestLauncher.java:53)
        at org.gradle.api.internal.tasks.testing.junitplatform.JUnitPlatformTestClassProcessor$CollectAllTestClassesExecutor.processAllTestClasses(JUnitPlatformTestClassProcessor.java:99)
        at org.gradle.api.internal.tasks.testing.junitplatform.JUnitPlatformTestClassProcessor$CollectAllTestClassesExecutor.access$000(JUnitPlatformTestClassProcessor.java:79)
        at org.gradle.api.internal.tasks.testing.junitplatform.JUnitPlatformTestClassProcessor.stop(JUnitPlatformTestClassProcessor.java:75)
        at org.gradle.api.internal.tasks.testing.SuiteTestClassProcessor.stop(SuiteTestClassProcessor.java:62)
        at java.base/jdk.internal.reflect.NativeMethodAccessorImpl.invoke0(Native Method)
        at java.base/jdk.internal.reflect.NativeMethodAccessorImpl.invoke(NativeMethodAccessorImpl.java:77)
        at java.base/jdk.internal.reflect.DelegatingMethodAccessorImpl.invoke(DelegatingMethodAccessorImpl.java:43)
        at java.base/java.lang.reflect.Method.invoke(Method.java:569)
        at org.gradle.internal.dispatch.ReflectionDispatch.dispatch(ReflectionDispatch.java:36)
        at org.gradle.internal.dispatch.ReflectionDispatch.dispatch(ReflectionDispatch.java:24)
        at org.gradle.internal.dispatch.ContextClassLoaderDispatch.dispatch(ContextClassLoaderDispatch.java:33)
        at org.gradle.internal.dispatch.ProxyDispatchAdapter$DispatchingInvocationHandler.invoke(ProxyDispatchAdapter.java:94)
        at jdk.proxy1/jdk.proxy1.$Proxy2.stop(Unknown Source)
        at org.gradle.api.internal.tasks.testing.worker.TestWorker$3.run(TestWorker.java:193)
        at org.gradle.api.internal.tasks.testing.worker.TestWorker.executeAndMaintainThreadName(TestWorker.java:129)
        at org.gradle.api.internal.tasks.testing.worker.TestWorker.execute(TestWorker.java:100)
        at org.gradle.api.internal.tasks.testing.worker.TestWorker.execute(TestWorker.java:60)
        at org.gradle.process.internal.worker.child.ActionExecutionWorker.execute(ActionExecutionWorker.java:56)
        at org.gradle.process.internal.worker.child.SystemApplicationClassLoaderWorker.call(SystemApplicationClassLoaderWorker.java:113)
        at org.gradle.process.internal.worker.child.SystemApplicationClassLoaderWorker.call(SystemApplicationClassLoaderWorker.java:65)
        at worker.org.gradle.process.internal.worker.GradleWorkerMain.run(GradleWorkerMain.java:69)
        at worker.org.gradle.process.internal.worker.GradleWorkerMain.main(GradleWorkerMain.java:74)

        Caused by:
        java.lang.IllegalStateException: Could not find a valid Docker environment. Please see logs and check configuration
            at org.testcontainers.dockerclient.DockerClientProviderStrategy.lambda$getFirstValidStrategy$7(DockerClientProviderStrategy.java:277)
            at java.base/java.util.Optional.orElseThrow(Optional.java:403)
            at org.testcontainers.dockerclient.DockerClientProviderStrategy.getFirstValidStrategy(DockerClientProviderStrategy.java:268)
            at org.testcontainers.DockerClientFactory.getOrInitializeStrategy(DockerClientFactory.java:152)
            at org.testcontainers.DockerClientFactory.client(DockerClientFactory.java:194)
            at org.testcontainers.DockerClientFactory$1.getDockerClient(DockerClientFactory.java:106)
            at com.github.dockerjava.api.DockerClientDelegate.authConfig(DockerClientDelegate.java:109)
            at org.testcontainers.containers.GenericContainer.start(GenericContainer.java:329)
            at se.magnus.microservices.core.alert.MySqlTestBase.<clinit>(MySqlTestBase.java:14)
            ... 86 more

PersistenceTests > getByIncidentId() FAILED
    java.lang.NoClassDefFoundError: Could not initialize class se.magnus.microservices.core.alert.PersistenceTests
        at java.base/jdk.internal.reflect.NativeConstructorAccessorImpl.newInstance0(Native Method)
        at java.base/jdk.internal.reflect.NativeConstructorAccessorImpl.newInstance(NativeConstructorAccessorImpl.java:77)
        at java.base/jdk.internal.reflect.DelegatingConstructorAccessorImpl.newInstance(DelegatingConstructorAccessorImpl.java:45)
        at java.base/java.lang.reflect.Constructor.newInstanceWithCaller(Constructor.java:500)
        at java.base/java.lang.reflect.Constructor.newInstance(Constructor.java:481)
        at org.junit.platform.commons.util.ReflectionUtils.newInstance(ReflectionUtils.java:552)
        at org.junit.jupiter.engine.execution.ConstructorInvocation.proceed(ConstructorInvocation.java:56)
        at org.junit.jupiter.engine.execution.InvocationInterceptorChain$ValidatingInvocation.proceed(InvocationInterceptorChain.java:131)
        at org.junit.jupiter.api.extension.InvocationInterceptor.interceptTestClassConstructor(InvocationInterceptor.java:73)
        at org.junit.jupiter.engine.execution.InterceptingExecutableInvoker.lambda$invoke$0(InterceptingExecutableInvoker.java:93)
        at org.junit.jupiter.engine.execution.InvocationInterceptorChain$InterceptedInvocation.proceed(InvocationInterceptorChain.java:106)
        at org.junit.jupiter.engine.execution.InvocationInterceptorChain.proceed(InvocationInterceptorChain.java:64)
        at org.junit.jupiter.engine.execution.InvocationInterceptorChain.chainAndInvoke(InvocationInterceptorChain.java:45)
        at org.junit.jupiter.engine.execution.InvocationInterceptorChain.invoke(InvocationInterceptorChain.java:37)
        at org.junit.jupiter.engine.execution.InterceptingExecutableInvoker.invoke(InterceptingExecutableInvoker.java:92)
        at org.junit.jupiter.engine.execution.InterceptingExecutableInvoker.invoke(InterceptingExecutableInvoker.java:62)
        at org.junit.jupiter.engine.descriptor.ClassBasedTestDescriptor.invokeTestClassConstructor(ClassBasedTestDescriptor.java:363)
        at org.junit.jupiter.engine.descriptor.ClassBasedTestDescriptor.instantiateTestClass(ClassBasedTestDescriptor.java:310)
        at org.junit.jupiter.engine.descriptor.ClassTestDescriptor.instantiateTestClass(ClassTestDescriptor.java:79)
        at org.junit.jupiter.engine.descriptor.ClassBasedTestDescriptor.instantiateAndPostProcessTestInstance(ClassBasedTestDescriptor.java:286)
        at org.junit.jupiter.engine.descriptor.ClassBasedTestDescriptor.lambda$testInstancesProvider$4(ClassBasedTestDescriptor.java:278)
        at java.base/java.util.Optional.orElseGet(Optional.java:364)
        at org.junit.jupiter.engine.descriptor.ClassBasedTestDescriptor.lambda$testInstancesProvider$5(ClassBasedTestDescriptor.java:277)
        at org.junit.jupiter.engine.execution.TestInstancesProvider.getTestInstances(TestInstancesProvider.java:31)
        at org.junit.jupiter.engine.descriptor.TestMethodTestDescriptor.lambda$prepare$0(TestMethodTestDescriptor.java:105)
        at org.junit.platform.engine.support.hierarchical.ThrowableCollector.execute(ThrowableCollector.java:73)
        at org.junit.jupiter.engine.descriptor.TestMethodTestDescriptor.prepare(TestMethodTestDescriptor.java:104)
        at org.junit.jupiter.engine.descriptor.TestMethodTestDescriptor.prepare(TestMethodTestDescriptor.java:68)
        at org.junit.platform.engine.support.hierarchical.NodeTestTask.lambda$prepare$2(NodeTestTask.java:123)
        at org.junit.platform.engine.support.hierarchical.ThrowableCollector.execute(ThrowableCollector.java:73)
        at org.junit.platform.engine.support.hierarchical.NodeTestTask.prepare(NodeTestTask.java:123)
        at org.junit.platform.engine.support.hierarchical.NodeTestTask.execute(NodeTestTask.java:90)
        at java.base/java.util.ArrayList.forEach(ArrayList.java:1511)
        at org.junit.platform.engine.support.hierarchical.SameThreadHierarchicalTestExecutorService.invokeAll(SameThreadHierarchicalTestExecutorService.java:41)
        at org.junit.platform.engine.support.hierarchical.NodeTestTask.lambda$executeRecursively$6(NodeTestTask.java:155)
        at org.junit.platform.engine.support.hierarchical.ThrowableCollector.execute(ThrowableCollector.java:73)
        at org.junit.platform.engine.support.hierarchical.NodeTestTask.lambda$executeRecursively$8(NodeTestTask.java:141)
        at org.junit.platform.engine.support.hierarchical.Node.around(Node.java:137)
        at org.junit.platform.engine.support.hierarchical.NodeTestTask.lambda$executeRecursively$9(NodeTestTask.java:139)
        at org.junit.platform.engine.support.hierarchical.ThrowableCollector.execute(ThrowableCollector.java:73)
        at org.junit.platform.engine.support.hierarchical.NodeTestTask.executeRecursively(NodeTestTask.java:138)
        at org.junit.platform.engine.support.hierarchical.NodeTestTask.execute(NodeTestTask.java:95)
        at java.base/java.util.ArrayList.forEach(ArrayList.java:1511)
        at org.junit.platform.engine.support.hierarchical.SameThreadHierarchicalTestExecutorService.invokeAll(SameThreadHierarchicalTestExecutorService.java:41)
        at org.junit.platform.engine.support.hierarchical.NodeTestTask.lambda$executeRecursively$6(NodeTestTask.java:155)
        at org.junit.platform.engine.support.hierarchical.ThrowableCollector.execute(ThrowableCollector.java:73)
        at org.junit.platform.engine.support.hierarchical.NodeTestTask.lambda$executeRecursively$8(NodeTestTask.java:141)
        at org.junit.platform.engine.support.hierarchical.Node.around(Node.java:137)
        at org.junit.platform.engine.support.hierarchical.NodeTestTask.lambda$executeRecursively$9(NodeTestTask.java:139)
        at org.junit.platform.engine.support.hierarchical.ThrowableCollector.execute(ThrowableCollector.java:73)
        at org.junit.platform.engine.support.hierarchical.NodeTestTask.executeRecursively(NodeTestTask.java:138)
        at org.junit.platform.engine.support.hierarchical.NodeTestTask.execute(NodeTestTask.java:95)
        at org.junit.platform.engine.support.hierarchical.SameThreadHierarchicalTestExecutorService.submit(SameThreadHierarchicalTestExecutorService.java:35)
        at org.junit.platform.engine.support.hierarchical.HierarchicalTestExecutor.execute(HierarchicalTestExecutor.java:57)
        at org.junit.platform.engine.support.hierarchical.HierarchicalTestEngine.execute(HierarchicalTestEngine.java:54)
        at org.junit.platform.launcher.core.EngineExecutionOrchestrator.execute(EngineExecutionOrchestrator.java:107)
        at org.junit.platform.launcher.core.EngineExecutionOrchestrator.execute(EngineExecutionOrchestrator.java:88)
        at org.junit.platform.launcher.core.EngineExecutionOrchestrator.lambda$execute$0(EngineExecutionOrchestrator.java:54)
        at org.junit.platform.launcher.core.EngineExecutionOrchestrator.withInterceptedStreams(EngineExecutionOrchestrator.java:67)
        at org.junit.platform.launcher.core.EngineExecutionOrchestrator.execute(EngineExecutionOrchestrator.java:52)
        at org.junit.platform.launcher.core.DefaultLauncher.execute(DefaultLauncher.java:114)
        at org.junit.platform.launcher.core.DefaultLauncher.execute(DefaultLauncher.java:86)
        at org.junit.platform.launcher.core.DefaultLauncherSession$DelegatingLauncher.execute(DefaultLauncherSession.java:86)
        at org.junit.platform.launcher.core.SessionPerRequestLauncher.execute(SessionPerRequestLauncher.java:53)
        at org.gradle.api.internal.tasks.testing.junitplatform.JUnitPlatformTestClassProcessor$CollectAllTestClassesExecutor.processAllTestClasses(JUnitPlatformTestClassProcessor.java:99)
        at org.gradle.api.internal.tasks.testing.junitplatform.JUnitPlatformTestClassProcessor$CollectAllTestClassesExecutor.access$000(JUnitPlatformTestClassProcessor.java:79)
        at org.gradle.api.internal.tasks.testing.junitplatform.JUnitPlatformTestClassProcessor.stop(JUnitPlatformTestClassProcessor.java:75)
        at org.gradle.api.internal.tasks.testing.SuiteTestClassProcessor.stop(SuiteTestClassProcessor.java:62)
        at java.base/jdk.internal.reflect.NativeMethodAccessorImpl.invoke0(Native Method)
        at java.base/jdk.internal.reflect.NativeMethodAccessorImpl.invoke(NativeMethodAccessorImpl.java:77)
        at java.base/jdk.internal.reflect.DelegatingMethodAccessorImpl.invoke(DelegatingMethodAccessorImpl.java:43)
        at java.base/java.lang.reflect.Method.invoke(Method.java:569)
        at org.gradle.internal.dispatch.ReflectionDispatch.dispatch(ReflectionDispatch.java:36)
        at org.gradle.internal.dispatch.ReflectionDispatch.dispatch(ReflectionDispatch.java:24)
        at org.gradle.internal.dispatch.ContextClassLoaderDispatch.dispatch(ContextClassLoaderDispatch.java:33)
        at org.gradle.internal.dispatch.ProxyDispatchAdapter$DispatchingInvocationHandler.invoke(ProxyDispatchAdapter.java:94)
        at jdk.proxy1/jdk.proxy1.$Proxy2.stop(Unknown Source)
        at org.gradle.api.internal.tasks.testing.worker.TestWorker$3.run(TestWorker.java:193)
        at org.gradle.api.internal.tasks.testing.worker.TestWorker.executeAndMaintainThreadName(TestWorker.java:129)
        at org.gradle.api.internal.tasks.testing.worker.TestWorker.execute(TestWorker.java:100)
        at org.gradle.api.internal.tasks.testing.worker.TestWorker.execute(TestWorker.java:60)
        at org.gradle.process.internal.worker.child.ActionExecutionWorker.execute(ActionExecutionWorker.java:56)
        at org.gradle.process.internal.worker.child.SystemApplicationClassLoaderWorker.call(SystemApplicationClassLoaderWorker.java:113)
        at org.gradle.process.internal.worker.child.SystemApplicationClassLoaderWorker.call(SystemApplicationClassLoaderWorker.java:65)
        at worker.org.gradle.process.internal.worker.GradleWorkerMain.run(GradleWorkerMain.java:69)
        at worker.org.gradle.process.internal.worker.GradleWorkerMain.main(GradleWorkerMain.java:74)

        Caused by:
        java.lang.ExceptionInInitializerError: Exception java.lang.ExceptionInInitializerError [in thread "Test worker"]
            at java.base/jdk.internal.reflect.NativeConstructorAccessorImpl.newInstance0(Native Method)
            ... 85 more

PersistenceTests > create() FAILED
    java.lang.NoClassDefFoundError: Could not initialize class se.magnus.microservices.core.alert.PersistenceTests
        at java.base/jdk.internal.reflect.NativeConstructorAccessorImpl.newInstance0(Native Method)
        at java.base/jdk.internal.reflect.NativeConstructorAccessorImpl.newInstance(NativeConstructorAccessorImpl.java:77)
        at java.base/jdk.internal.reflect.DelegatingConstructorAccessorImpl.newInstance(DelegatingConstructorAccessorImpl.java:45)
        at java.base/java.lang.reflect.Constructor.newInstanceWithCaller(Constructor.java:500)
        at java.base/java.lang.reflect.Constructor.newInstance(Constructor.java:481)
        at org.junit.platform.commons.util.ReflectionUtils.newInstance(ReflectionUtils.java:552)
        at org.junit.jupiter.engine.execution.ConstructorInvocation.proceed(ConstructorInvocation.java:56)
        at org.junit.jupiter.engine.execution.InvocationInterceptorChain$ValidatingInvocation.proceed(InvocationInterceptorChain.java:131)
        at org.junit.jupiter.api.extension.InvocationInterceptor.interceptTestClassConstructor(InvocationInterceptor.java:73)
        at org.junit.jupiter.engine.execution.InterceptingExecutableInvoker.lambda$invoke$0(InterceptingExecutableInvoker.java:93)
        at org.junit.jupiter.engine.execution.InvocationInterceptorChain$InterceptedInvocation.proceed(InvocationInterceptorChain.java:106)
        at org.junit.jupiter.engine.execution.InvocationInterceptorChain.proceed(InvocationInterceptorChain.java:64)
        at org.junit.jupiter.engine.execution.InvocationInterceptorChain.chainAndInvoke(InvocationInterceptorChain.java:45)
        at org.junit.jupiter.engine.execution.InvocationInterceptorChain.invoke(InvocationInterceptorChain.java:37)
        at org.junit.jupiter.engine.execution.InterceptingExecutableInvoker.invoke(InterceptingExecutableInvoker.java:92)
        at org.junit.jupiter.engine.execution.InterceptingExecutableInvoker.invoke(InterceptingExecutableInvoker.java:62)
        at org.junit.jupiter.engine.descriptor.ClassBasedTestDescriptor.invokeTestClassConstructor(ClassBasedTestDescriptor.java:363)
        at org.junit.jupiter.engine.descriptor.ClassBasedTestDescriptor.instantiateTestClass(ClassBasedTestDescriptor.java:310)
        at org.junit.jupiter.engine.descriptor.ClassTestDescriptor.instantiateTestClass(ClassTestDescriptor.java:79)
        at org.junit.jupiter.engine.descriptor.ClassBasedTestDescriptor.instantiateAndPostProcessTestInstance(ClassBasedTestDescriptor.java:286)
        at org.junit.jupiter.engine.descriptor.ClassBasedTestDescriptor.lambda$testInstancesProvider$4(ClassBasedTestDescriptor.java:278)
        at java.base/java.util.Optional.orElseGet(Optional.java:364)
        at org.junit.jupiter.engine.descriptor.ClassBasedTestDescriptor.lambda$testInstancesProvider$5(ClassBasedTestDescriptor.java:277)
        at org.junit.jupiter.engine.execution.TestInstancesProvider.getTestInstances(TestInstancesProvider.java:31)
        at org.junit.jupiter.engine.descriptor.TestMethodTestDescriptor.lambda$prepare$0(TestMethodTestDescriptor.java:105)
        at org.junit.platform.engine.support.hierarchical.ThrowableCollector.execute(ThrowableCollector.java:73)
        at org.junit.jupiter.engine.descriptor.TestMethodTestDescriptor.prepare(TestMethodTestDescriptor.java:104)
        at org.junit.jupiter.engine.descriptor.TestMethodTestDescriptor.prepare(TestMethodTestDescriptor.java:68)
        at org.junit.platform.engine.support.hierarchical.NodeTestTask.lambda$prepare$2(NodeTestTask.java:123)
        at org.junit.platform.engine.support.hierarchical.ThrowableCollector.execute(ThrowableCollector.java:73)
        at org.junit.platform.engine.support.hierarchical.NodeTestTask.prepare(NodeTestTask.java:123)
        at org.junit.platform.engine.support.hierarchical.NodeTestTask.execute(NodeTestTask.java:90)
        at java.base/java.util.ArrayList.forEach(ArrayList.java:1511)
        at org.junit.platform.engine.support.hierarchical.SameThreadHierarchicalTestExecutorService.invokeAll(SameThreadHierarchicalTestExecutorService.java:41)
        at org.junit.platform.engine.support.hierarchical.NodeTestTask.lambda$executeRecursively$6(NodeTestTask.java:155)
        at org.junit.platform.engine.support.hierarchical.ThrowableCollector.execute(ThrowableCollector.java:73)
        at org.junit.platform.engine.support.hierarchical.NodeTestTask.lambda$executeRecursively$8(NodeTestTask.java:141)
        at org.junit.platform.engine.support.hierarchical.Node.around(Node.java:137)
        at org.junit.platform.engine.support.hierarchical.NodeTestTask.lambda$executeRecursively$9(NodeTestTask.java:139)
        at org.junit.platform.engine.support.hierarchical.ThrowableCollector.execute(ThrowableCollector.java:73)
        at org.junit.platform.engine.support.hierarchical.NodeTestTask.executeRecursively(NodeTestTask.java:138)
        at org.junit.platform.engine.support.hierarchical.NodeTestTask.execute(NodeTestTask.java:95)
        at java.base/java.util.ArrayList.forEach(ArrayList.java:1511)
        at org.junit.platform.engine.support.hierarchical.SameThreadHierarchicalTestExecutorService.invokeAll(SameThreadHierarchicalTestExecutorService.java:41)
        at org.junit.platform.engine.support.hierarchical.NodeTestTask.lambda$executeRecursively$6(NodeTestTask.java:155)
        at org.junit.platform.engine.support.hierarchical.ThrowableCollector.execute(ThrowableCollector.java:73)
        at org.junit.platform.engine.support.hierarchical.NodeTestTask.lambda$executeRecursively$8(NodeTestTask.java:141)
        at org.junit.platform.engine.support.hierarchical.Node.around(Node.java:137)
        at org.junit.platform.engine.support.hierarchical.NodeTestTask.lambda$executeRecursively$9(NodeTestTask.java:139)
        at org.junit.platform.engine.support.hierarchical.ThrowableCollector.execute(ThrowableCollector.java:73)
        at org.junit.platform.engine.support.hierarchical.NodeTestTask.executeRecursively(NodeTestTask.java:138)
        at org.junit.platform.engine.support.hierarchical.NodeTestTask.execute(NodeTestTask.java:95)
        at org.junit.platform.engine.support.hierarchical.SameThreadHierarchicalTestExecutorService.submit(SameThreadHierarchicalTestExecutorService.java:35)
        at org.junit.platform.engine.support.hierarchical.HierarchicalTestExecutor.execute(HierarchicalTestExecutor.java:57)
        at org.junit.platform.engine.support.hierarchical.HierarchicalTestEngine.execute(HierarchicalTestEngine.java:54)
        at org.junit.platform.launcher.core.EngineExecutionOrchestrator.execute(EngineExecutionOrchestrator.java:107)
        at org.junit.platform.launcher.core.EngineExecutionOrchestrator.execute(EngineExecutionOrchestrator.java:88)
        at org.junit.platform.launcher.core.EngineExecutionOrchestrator.lambda$execute$0(EngineExecutionOrchestrator.java:54)
        at org.junit.platform.launcher.core.EngineExecutionOrchestrator.withInterceptedStreams(EngineExecutionOrchestrator.java:67)
        at org.junit.platform.launcher.core.EngineExecutionOrchestrator.execute(EngineExecutionOrchestrator.java:52)
        at org.junit.platform.launcher.core.DefaultLauncher.execute(DefaultLauncher.java:114)
        at org.junit.platform.launcher.core.DefaultLauncher.execute(DefaultLauncher.java:86)
        at org.junit.platform.launcher.core.DefaultLauncherSession$DelegatingLauncher.execute(DefaultLauncherSession.java:86)
        at org.junit.platform.launcher.core.SessionPerRequestLauncher.execute(SessionPerRequestLauncher.java:53)
        at org.gradle.api.internal.tasks.testing.junitplatform.JUnitPlatformTestClassProcessor$CollectAllTestClassesExecutor.processAllTestClasses(JUnitPlatformTestClassProcessor.java:99)
        at org.gradle.api.internal.tasks.testing.junitplatform.JUnitPlatformTestClassProcessor$CollectAllTestClassesExecutor.access$000(JUnitPlatformTestClassProcessor.java:79)
        at org.gradle.api.internal.tasks.testing.junitplatform.JUnitPlatformTestClassProcessor.stop(JUnitPlatformTestClassProcessor.java:75)
        at org.gradle.api.internal.tasks.testing.SuiteTestClassProcessor.stop(SuiteTestClassProcessor.java:62)
        at java.base/jdk.internal.reflect.NativeMethodAccessorImpl.invoke0(Native Method)
        at java.base/jdk.internal.reflect.NativeMethodAccessorImpl.invoke(NativeMethodAccessorImpl.java:77)
        at java.base/jdk.internal.reflect.DelegatingMethodAccessorImpl.invoke(DelegatingMethodAccessorImpl.java:43)
        at java.base/java.lang.reflect.Method.invoke(Method.java:569)
        at org.gradle.internal.dispatch.ReflectionDispatch.dispatch(ReflectionDispatch.java:36)
        at org.gradle.internal.dispatch.ReflectionDispatch.dispatch(ReflectionDispatch.java:24)
        at org.gradle.internal.dispatch.ContextClassLoaderDispatch.dispatch(ContextClassLoaderDispatch.java:33)
        at org.gradle.internal.dispatch.ProxyDispatchAdapter$DispatchingInvocationHandler.invoke(ProxyDispatchAdapter.java:94)
        at jdk.proxy1/jdk.proxy1.$Proxy2.stop(Unknown Source)
        at org.gradle.api.internal.tasks.testing.worker.TestWorker$3.run(TestWorker.java:193)
        at org.gradle.api.internal.tasks.testing.worker.TestWorker.executeAndMaintainThreadName(TestWorker.java:129)
        at org.gradle.api.internal.tasks.testing.worker.TestWorker.execute(TestWorker.java:100)
        at org.gradle.api.internal.tasks.testing.worker.TestWorker.execute(TestWorker.java:60)
        at org.gradle.process.internal.worker.child.ActionExecutionWorker.execute(ActionExecutionWorker.java:56)
        at org.gradle.process.internal.worker.child.SystemApplicationClassLoaderWorker.call(SystemApplicationClassLoaderWorker.java:113)
        at org.gradle.process.internal.worker.child.SystemApplicationClassLoaderWorker.call(SystemApplicationClassLoaderWorker.java:65)
        at worker.org.gradle.process.internal.worker.GradleWorkerMain.run(GradleWorkerMain.java:69)
        at worker.org.gradle.process.internal.worker.GradleWorkerMain.main(GradleWorkerMain.java:74)

        Caused by:
        java.lang.ExceptionInInitializerError: Exception java.lang.ExceptionInInitializerError [in thread "Test worker"]
            at java.base/jdk.internal.reflect.NativeConstructorAccessorImpl.newInstance0(Native Method)
            ... 85 more

PersistenceTests > delete() FAILED
    java.lang.NoClassDefFoundError: Could not initialize class se.magnus.microservices.core.alert.PersistenceTests
        at java.base/jdk.internal.reflect.NativeConstructorAccessorImpl.newInstance0(Native Method)
        at java.base/jdk.internal.reflect.NativeConstructorAccessorImpl.newInstance(NativeConstructorAccessorImpl.java:77)
        at java.base/jdk.internal.reflect.DelegatingConstructorAccessorImpl.newInstance(DelegatingConstructorAccessorImpl.java:45)
        at java.base/java.lang.reflect.Constructor.newInstanceWithCaller(Constructor.java:500)
        at java.base/java.lang.reflect.Constructor.newInstance(Constructor.java:481)
        at org.junit.platform.commons.util.ReflectionUtils.newInstance(ReflectionUtils.java:552)
        at org.junit.jupiter.engine.execution.ConstructorInvocation.proceed(ConstructorInvocation.java:56)
        at org.junit.jupiter.engine.execution.InvocationInterceptorChain$ValidatingInvocation.proceed(InvocationInterceptorChain.java:131)
        at org.junit.jupiter.api.extension.InvocationInterceptor.interceptTestClassConstructor(InvocationInterceptor.java:73)
        at org.junit.jupiter.engine.execution.InterceptingExecutableInvoker.lambda$invoke$0(InterceptingExecutableInvoker.java:93)
        at org.junit.jupiter.engine.execution.InvocationInterceptorChain$InterceptedInvocation.proceed(InvocationInterceptorChain.java:106)
        at org.junit.jupiter.engine.execution.InvocationInterceptorChain.proceed(InvocationInterceptorChain.java:64)
        at org.junit.jupiter.engine.execution.InvocationInterceptorChain.chainAndInvoke(InvocationInterceptorChain.java:45)
        at org.junit.jupiter.engine.execution.InvocationInterceptorChain.invoke(InvocationInterceptorChain.java:37)
        at org.junit.jupiter.engine.execution.InterceptingExecutableInvoker.invoke(InterceptingExecutableInvoker.java:92)
        at org.junit.jupiter.engine.execution.InterceptingExecutableInvoker.invoke(InterceptingExecutableInvoker.java:62)
        at org.junit.jupiter.engine.descriptor.ClassBasedTestDescriptor.invokeTestClassConstructor(ClassBasedTestDescriptor.java:363)
        at org.junit.jupiter.engine.descriptor.ClassBasedTestDescriptor.instantiateTestClass(ClassBasedTestDescriptor.java:310)
        at org.junit.jupiter.engine.descriptor.ClassTestDescriptor.instantiateTestClass(ClassTestDescriptor.java:79)
        at org.junit.jupiter.engine.descriptor.ClassBasedTestDescriptor.instantiateAndPostProcessTestInstance(ClassBasedTestDescriptor.java:286)
        at org.junit.jupiter.engine.descriptor.ClassBasedTestDescriptor.lambda$testInstancesProvider$4(ClassBasedTestDescriptor.java:278)
        at java.base/java.util.Optional.orElseGet(Optional.java:364)
        at org.junit.jupiter.engine.descriptor.ClassBasedTestDescriptor.lambda$testInstancesProvider$5(ClassBasedTestDescriptor.java:277)
        at org.junit.jupiter.engine.execution.TestInstancesProvider.getTestInstances(TestInstancesProvider.java:31)
        at org.junit.jupiter.engine.descriptor.TestMethodTestDescriptor.lambda$prepare$0(TestMethodTestDescriptor.java:105)
        at org.junit.platform.engine.support.hierarchical.ThrowableCollector.execute(ThrowableCollector.java:73)
        at org.junit.jupiter.engine.descriptor.TestMethodTestDescriptor.prepare(TestMethodTestDescriptor.java:104)
        at org.junit.jupiter.engine.descriptor.TestMethodTestDescriptor.prepare(TestMethodTestDescriptor.java:68)
        at org.junit.platform.engine.support.hierarchical.NodeTestTask.lambda$prepare$2(NodeTestTask.java:123)
        at org.junit.platform.engine.support.hierarchical.ThrowableCollector.execute(ThrowableCollector.java:73)
        at org.junit.platform.engine.support.hierarchical.NodeTestTask.prepare(NodeTestTask.java:123)
        at org.junit.platform.engine.support.hierarchical.NodeTestTask.execute(NodeTestTask.java:90)
        at java.base/java.util.ArrayList.forEach(ArrayList.java:1511)
        at org.junit.platform.engine.support.hierarchical.SameThreadHierarchicalTestExecutorService.invokeAll(SameThreadHierarchicalTestExecutorService.java:41)
        at org.junit.platform.engine.support.hierarchical.NodeTestTask.lambda$executeRecursively$6(NodeTestTask.java:155)
        at org.junit.platform.engine.support.hierarchical.ThrowableCollector.execute(ThrowableCollector.java:73)

Gradle Test Executor 2 finished executing tests.

> Task :microservices:alert-service:test FAILED
        at org.junit.platform.engine.support.hierarchical.NodeTestTask.lambda$executeRecursively$8(NodeTestTask.java:141)
        at org.junit.platform.engine.support.hierarchical.Node.around(Node.java:137)
        at org.junit.platform.engine.support.hierarchical.NodeTestTask.lambda$executeRecursively$9(NodeTestTask.java:139)
        at org.junit.platform.engine.support.hierarchical.ThrowableCollector.execute(ThrowableCollector.java:73)
        at org.junit.platform.engine.support.hierarchical.NodeTestTask.executeRecursively(NodeTestTask.java:138)
        at org.junit.platform.engine.support.hierarchical.NodeTestTask.execute(NodeTestTask.java:95)
        at java.base/java.util.ArrayList.forEach(ArrayList.java:1511)
        at org.junit.platform.engine.support.hierarchical.SameThreadHierarchicalTestExecutorService.invokeAll(SameThreadHierarchicalTestExecutorService.java:41)
        at org.junit.platform.engine.support.hierarchical.NodeTestTask.lambda$executeRecursively$6(NodeTestTask.java:155)
        at org.junit.platform.engine.support.hierarchical.ThrowableCollector.execute(ThrowableCollector.java:73)
        at org.junit.platform.engine.support.hierarchical.NodeTestTask.lambda$executeRecursively$8(NodeTestTask.java:141)
        at org.junit.platform.engine.support.hierarchical.Node.around(Node.java:137)
        at org.junit.platform.engine.support.hierarchical.NodeTestTask.lambda$executeRecursively$9(NodeTestTask.java:139)
        at org.junit.platform.engine.support.hierarchical.ThrowableCollector.execute(ThrowableCollector.java:73)
        at org.junit.platform.engine.support.hierarchical.NodeTestTask.executeRecursively(NodeTestTask.java:138)
        at org.junit.platform.engine.support.hierarchical.NodeTestTask.execute(NodeTestTask.java:95)
        at org.junit.platform.engine.support.hierarchical.SameThreadHierarchicalTestExecutorService.submit(SameThreadHierarchicalTestExecutorService.java:35)
        at org.junit.platform.engine.support.hierarchical.HierarchicalTestExecutor.execute(HierarchicalTestExecutor.java:57)
        at org.junit.platform.engine.support.hierarchical.HierarchicalTestEngine.execute(HierarchicalTestEngine.java:54)
        at org.junit.platform.launcher.core.EngineExecutionOrchestrator.execute(EngineExecutionOrchestrator.java:107)
        at org.junit.platform.launcher.core.EngineExecutionOrchestrator.execute(EngineExecutionOrchestrator.java:88)
        at org.junit.platform.launcher.core.EngineExecutionOrchestrator.lambda$execute$0(EngineExecutionOrchestrator.java:54)
        at org.junit.platform.launcher.core.EngineExecutionOrchestrator.withInterceptedStreams(EngineExecutionOrchestrator.java:67)
        at org.junit.platform.launcher.core.EngineExecutionOrchestrator.execute(EngineExecutionOrchestrator.java:52)
        at org.junit.platform.launcher.core.DefaultLauncher.execute(DefaultLauncher.java:114)
        at org.junit.platform.launcher.core.DefaultLauncher.execute(DefaultLauncher.java:86)
        at org.junit.platform.launcher.core.DefaultLauncherSession$DelegatingLauncher.execute(DefaultLauncherSession.java:86)
        at org.junit.platform.launcher.core.SessionPerRequestLauncher.execute(SessionPerRequestLauncher.java:53)
        at org.gradle.api.internal.tasks.testing.junitplatform.JUnitPlatformTestClassProcessor$CollectAllTestClassesExecutor.processAllTestClasses(JUnitPlatformTestClassProcessor.java:99)
        at org.gradle.api.internal.tasks.testing.junitplatform.JUnitPlatformTestClassProcessor$CollectAllTestClassesExecutor.access$000(JUnitPlatformTestClassProcessor.java:79)
        at org.gradle.api.internal.tasks.testing.junitplatform.JUnitPlatformTestClassProcessor.stop(JUnitPlatformTestClassProcessor.java:75)
        at org.gradle.api.internal.tasks.testing.SuiteTestClassProcessor.stop(SuiteTestClassProcessor.java:62)
        at java.base/jdk.internal.reflect.NativeMethodAccessorImpl.invoke0(Native Method)
        at java.base/jdk.internal.reflect.NativeMethodAccessorImpl.invoke(NativeMethodAccessorImpl.java:77)
        at java.base/jdk.internal.reflect.DelegatingMethodAccessorImpl.invoke(DelegatingMethodAccessorImpl.java:43)
        at java.base/java.lang.reflect.Method.invoke(Method.java:569)
        at org.gradle.internal.dispatch.ReflectionDispatch.dispatch(ReflectionDispatch.java:36)
        at org.gradle.internal.dispatch.ReflectionDispatch.dispatch(ReflectionDispatch.java:24)
        at org.gradle.internal.dispatch.ContextClassLoaderDispatch.dispatch(ContextClassLoaderDispatch.java:33)
        at org.gradle.internal.dispatch.ProxyDispatchAdapter$DispatchingInvocationHandler.invoke(ProxyDispatchAdapter.java:94)
        at jdk.proxy1/jdk.proxy1.$Proxy2.stop(Unknown Source)
        at org.gradle.api.internal.tasks.testing.worker.TestWorker$3.run(TestWorker.java:193)
        at org.gradle.api.internal.tasks.testing.worker.TestWorker.executeAndMaintainThreadName(TestWorker.java:129)
        at org.gradle.api.internal.tasks.testing.worker.TestWorker.execute(TestWorker.java:100)
        at org.gradle.api.internal.tasks.testing.worker.TestWorker.execute(TestWorker.java:60)
        at org.gradle.process.internal.worker.child.ActionExecutionWorker.execute(ActionExecutionWorker.java:56)
        at org.gradle.process.internal.worker.child.SystemApplicationClassLoaderWorker.call(SystemApplicationClassLoaderWorker.java:113)
        at org.gradle.process.internal.worker.child.SystemApplicationClassLoaderWorker.call(SystemApplicationClassLoaderWorker.java:65)
        at worker.org.gradle.process.internal.worker.GradleWorkerMain.run(GradleWorkerMain.java:69)
        at worker.org.gradle.process.internal.worker.GradleWorkerMain.main(GradleWorkerMain.java:74)

        Caused by:
        java.lang.ExceptionInInitializerError: Exception java.lang.ExceptionInInitializerError [in thread "Test worker"]
            at java.base/jdk.internal.reflect.NativeConstructorAccessorImpl.newInstance0(Native Method)
            ... 85 more

PersistenceTests > update() FAILED
    java.lang.NoClassDefFoundError: Could not initialize class se.magnus.microservices.core.alert.PersistenceTests
        at java.base/jdk.internal.reflect.NativeConstructorAccessorImpl.newInstance0(Native Method)
        at java.base/jdk.internal.reflect.NativeConstructorAccessorImpl.newInstance(NativeConstructorAccessorImpl.java:77)
        at java.base/jdk.internal.reflect.DelegatingConstructorAccessorImpl.newInstance(DelegatingConstructorAccessorImpl.java:45)
        at java.base/java.lang.reflect.Constructor.newInstanceWithCaller(Constructor.java:500)
        at java.base/java.lang.reflect.Constructor.newInstance(Constructor.java:481)
        at org.junit.platform.commons.util.ReflectionUtils.newInstance(ReflectionUtils.java:552)
        at org.junit.jupiter.engine.execution.ConstructorInvocation.proceed(ConstructorInvocation.java:56)
        at org.junit.jupiter.engine.execution.InvocationInterceptorChain$ValidatingInvocation.proceed(InvocationInterceptorChain.java:131)
        at org.junit.jupiter.api.extension.InvocationInterceptor.interceptTestClassConstructor(InvocationInterceptor.java:73)
        at org.junit.jupiter.engine.execution.InterceptingExecutableInvoker.lambda$invoke$0(InterceptingExecutableInvoker.java:93)
        at org.junit.jupiter.engine.execution.InvocationInterceptorChain$InterceptedInvocation.proceed(InvocationInterceptorChain.java:106)
        at org.junit.jupiter.engine.execution.InvocationInterceptorChain.proceed(InvocationInterceptorChain.java:64)
        at org.junit.jupiter.engine.execution.InvocationInterceptorChain.chainAndInvoke(InvocationInterceptorChain.java:45)
        at org.junit.jupiter.engine.execution.InvocationInterceptorChain.invoke(InvocationInterceptorChain.java:37)
        at org.junit.jupiter.engine.execution.InterceptingExecutableInvoker.invoke(InterceptingExecutableInvoker.java:92)
        at org.junit.jupiter.engine.execution.InterceptingExecutableInvoker.invoke(InterceptingExecutableInvoker.java:62)
        at org.junit.jupiter.engine.descriptor.ClassBasedTestDescriptor.invokeTestClassConstructor(ClassBasedTestDescriptor.java:363)
        at org.junit.jupiter.engine.descriptor.ClassBasedTestDescriptor.instantiateTestClass(ClassBasedTestDescriptor.java:310)
        at org.junit.jupiter.engine.descriptor.ClassTestDescriptor.instantiateTestClass(ClassTestDescriptor.java:79)
        at org.junit.jupiter.engine.descriptor.ClassBasedTestDescriptor.instantiateAndPostProcessTestInstance(ClassBasedTestDescriptor.java:286)
        at org.junit.jupiter.engine.descriptor.ClassBasedTestDescriptor.lambda$testInstancesProvider$4(ClassBasedTestDescriptor.java:278)
        at java.base/java.util.Optional.orElseGet(Optional.java:364)
        at org.junit.jupiter.engine.descriptor.ClassBasedTestDescriptor.lambda$testInstancesProvider$5(ClassBasedTestDescriptor.java:277)
        at org.junit.jupiter.engine.execution.TestInstancesProvider.getTestInstances(TestInstancesProvider.java:31)
        at org.junit.jupiter.engine.descriptor.TestMethodTestDescriptor.lambda$prepare$0(TestMethodTestDescriptor.java:105)
        at org.junit.platform.engine.support.hierarchical.ThrowableCollector.execute(ThrowableCollector.java:73)
        at org.junit.jupiter.engine.descriptor.TestMethodTestDescriptor.prepare(TestMethodTestDescriptor.java:104)
        at org.junit.jupiter.engine.descriptor.TestMethodTestDescriptor.prepare(TestMethodTestDescriptor.java:68)
        at org.junit.platform.engine.support.hierarchical.NodeTestTask.lambda$prepare$2(NodeTestTask.java:123)
        at org.junit.platform.engine.support.hierarchical.ThrowableCollector.execute(ThrowableCollector.java:73)
        at org.junit.platform.engine.support.hierarchical.NodeTestTask.prepare(NodeTestTask.java:123)
        at org.junit.platform.engine.support.hierarchical.NodeTestTask.execute(NodeTestTask.java:90)
        at java.base/java.util.ArrayList.forEach(ArrayList.java:1511)
        at org.junit.platform.engine.support.hierarchical.SameThreadHierarchicalTestExecutorService.invokeAll(SameThreadHierarchicalTestExecutorService.java:41)
        at org.junit.platform.engine.support.hierarchical.NodeTestTask.lambda$executeRecursively$6(NodeTestTask.java:155)
        at org.junit.platform.engine.support.hierarchical.ThrowableCollector.execute(ThrowableCollector.java:73)
        at org.junit.platform.engine.support.hierarchical.NodeTestTask.lambda$executeRecursively$8(NodeTestTask.java:141)
        at org.junit.platform.engine.support.hierarchical.Node.around(Node.java:137)
        at org.junit.platform.engine.support.hierarchical.NodeTestTask.lambda$executeRecursively$9(NodeTestTask.java:139)
        at org.junit.platform.engine.support.hierarchical.ThrowableCollector.execute(ThrowableCollector.java:73)
        at org.junit.platform.engine.support.hierarchical.NodeTestTask.executeRecursively(NodeTestTask.java:138)
        at org.junit.platform.engine.support.hierarchical.NodeTestTask.execute(NodeTestTask.java:95)
        at java.base/java.util.ArrayList.forEach(ArrayList.java:1511)
        at org.junit.platform.engine.support.hierarchical.SameThreadHierarchicalTestExecutorService.invokeAll(SameThreadHierarchicalTestExecutorService.java:41)
        at org.junit.platform.engine.support.hierarchical.NodeTestTask.lambda$executeRecursively$6(NodeTestTask.java:155)
        at org.junit.platform.engine.support.hierarchical.ThrowableCollector.execute(ThrowableCollector.java:73)
        at org.junit.platform.engine.support.hierarchical.NodeTestTask.lambda$executeRecursively$8(NodeTestTask.java:141)
        at org.junit.platform.engine.support.hierarchical.Node.around(Node.java:137)
        at org.junit.platform.engine.support.hierarchical.NodeTestTask.lambda$executeRecursively$9(NodeTestTask.java:139)
        at org.junit.platform.engine.support.hierarchical.ThrowableCollector.execute(ThrowableCollector.java:73)
        at org.junit.platform.engine.support.hierarchical.NodeTestTask.executeRecursively(NodeTestTask.java:138)
        at org.junit.platform.engine.support.hierarchical.NodeTestTask.execute(NodeTestTask.java:95)
        at org.junit.platform.engine.support.hierarchical.SameThreadHierarchicalTestExecutorService.submit(SameThreadHierarchicalTestExecutorService.java:35)
        at org.junit.platform.engine.support.hierarchical.HierarchicalTestExecutor.execute(HierarchicalTestExecutor.java:57)
        at org.junit.platform.engine.support.hierarchical.HierarchicalTestEngine.execute(HierarchicalTestEngine.java:54)
        at org.junit.platform.launcher.core.EngineExecutionOrchestrator.execute(EngineExecutionOrchestrator.java:107)
        at org.junit.platform.launcher.core.EngineExecutionOrchestrator.execute(EngineExecutionOrchestrator.java:88)
        at org.junit.platform.launcher.core.EngineExecutionOrchestrator.lambda$execute$0(EngineExecutionOrchestrator.java:54)
        at org.junit.platform.launcher.core.EngineExecutionOrchestrator.withInterceptedStreams(EngineExecutionOrchestrator.java:67)
        at org.junit.platform.launcher.core.EngineExecutionOrchestrator.execute(EngineExecutionOrchestrator.java:52)
        at org.junit.platform.launcher.core.DefaultLauncher.execute(DefaultLauncher.java:114)
        at org.junit.platform.launcher.core.DefaultLauncher.execute(DefaultLauncher.java:86)
        at org.junit.platform.launcher.core.DefaultLauncherSession$DelegatingLauncher.execute(DefaultLauncherSession.java:86)
        at org.junit.platform.launcher.core.SessionPerRequestLauncher.execute(SessionPerRequestLauncher.java:53)
        at org.gradle.api.internal.tasks.testing.junitplatform.JUnitPlatformTestClassProcessor$CollectAllTestClassesExecutor.processAllTestClasses(JUnitPlatformTestClassProcessor.java:99)
        at org.gradle.api.internal.tasks.testing.junitplatform.JUnitPlatformTestClassProcessor$CollectAllTestClassesExecutor.access$000(JUnitPlatformTestClassProcessor.java:79)
        at org.gradle.api.internal.tasks.testing.junitplatform.JUnitPlatformTestClassProcessor.stop(JUnitPlatformTestClassProcessor.java:75)
        at org.gradle.api.internal.tasks.testing.SuiteTestClassProcessor.stop(SuiteTestClassProcessor.java:62)
        at java.base/jdk.internal.reflect.NativeMethodAccessorImpl.invoke0(Native Method)
        at java.base/jdk.internal.reflect.NativeMethodAccessorImpl.invoke(NativeMethodAccessorImpl.java:77)
        at java.base/jdk.internal.reflect.DelegatingMethodAccessorImpl.invoke(DelegatingMethodAccessorImpl.java:43)
        at java.base/java.lang.reflect.Method.invoke(Method.java:569)
        at org.gradle.internal.dispatch.ReflectionDispatch.dispatch(ReflectionDispatch.java:36)
        at org.gradle.internal.dispatch.ReflectionDispatch.dispatch(ReflectionDispatch.java:24)
        at org.gradle.internal.dispatch.ContextClassLoaderDispatch.dispatch(ContextClassLoaderDispatch.java:33)
        at org.gradle.internal.dispatch.ProxyDispatchAdapter$DispatchingInvocationHandler.invoke(ProxyDispatchAdapter.java:94)
        at jdk.proxy1/jdk.proxy1.$Proxy2.stop(Unknown Source)
        at org.gradle.api.internal.tasks.testing.worker.TestWorker$3.run(TestWorker.java:193)
        at org.gradle.api.internal.tasks.testing.worker.TestWorker.executeAndMaintainThreadName(TestWorker.java:129)
        at org.gradle.api.internal.tasks.testing.worker.TestWorker.execute(TestWorker.java:100)
        at org.gradle.api.internal.tasks.testing.worker.TestWorker.execute(TestWorker.java:60)
        at org.gradle.process.internal.worker.child.ActionExecutionWorker.execute(ActionExecutionWorker.java:56)
        at org.gradle.process.internal.worker.child.SystemApplicationClassLoaderWorker.call(SystemApplicationClassLoaderWorker.java:113)
        at org.gradle.process.internal.worker.child.SystemApplicationClassLoaderWorker.call(SystemApplicationClassLoaderWorker.java:65)
        at worker.org.gradle.process.internal.worker.GradleWorkerMain.run(GradleWorkerMain.java:69)
        at worker.org.gradle.process.internal.worker.GradleWorkerMain.main(GradleWorkerMain.java:74)

        Caused by:
        java.lang.ExceptionInInitializerError: Exception java.lang.ExceptionInInitializerError [in thread "Test worker"]
            at java.base/jdk.internal.reflect.NativeConstructorAccessorImpl.newInstance0(Native Method)
            ... 85 more

PersistenceTests > duplicateError() FAILED
    java.lang.NoClassDefFoundError: Could not initialize class se.magnus.microservices.core.alert.PersistenceTests
        at java.base/jdk.internal.reflect.NativeConstructorAccessorImpl.newInstance0(Native Method)
        at java.base/jdk.internal.reflect.NativeConstructorAccessorImpl.newInstance(NativeConstructorAccessorImpl.java:77)
        at java.base/jdk.internal.reflect.DelegatingConstructorAccessorImpl.newInstance(DelegatingConstructorAccessorImpl.java:45)
        at java.base/java.lang.reflect.Constructor.newInstanceWithCaller(Constructor.java:500)
        at java.base/java.lang.reflect.Constructor.newInstance(Constructor.java:481)
        at org.junit.platform.commons.util.ReflectionUtils.newInstance(ReflectionUtils.java:552)
        at org.junit.jupiter.engine.execution.ConstructorInvocation.proceed(ConstructorInvocation.java:56)
        at org.junit.jupiter.engine.execution.InvocationInterceptorChain$ValidatingInvocation.proceed(InvocationInterceptorChain.java:131)
        at org.junit.jupiter.api.extension.InvocationInterceptor.interceptTestClassConstructor(InvocationInterceptor.java:73)
        at org.junit.jupiter.engine.execution.InterceptingExecutableInvoker.lambda$invoke$0(InterceptingExecutableInvoker.java:93)
        at org.junit.jupiter.engine.execution.InvocationInterceptorChain$InterceptedInvocation.proceed(InvocationInterceptorChain.java:106)
        at org.junit.jupiter.engine.execution.InvocationInterceptorChain.proceed(InvocationInterceptorChain.java:64)
        at org.junit.jupiter.engine.execution.InvocationInterceptorChain.chainAndInvoke(InvocationInterceptorChain.java:45)
        at org.junit.jupiter.engine.execution.InvocationInterceptorChain.invoke(InvocationInterceptorChain.java:37)
        at org.junit.jupiter.engine.execution.InterceptingExecutableInvoker.invoke(InterceptingExecutableInvoker.java:92)
        at org.junit.jupiter.engine.execution.InterceptingExecutableInvoker.invoke(InterceptingExecutableInvoker.java:62)
        at org.junit.jupiter.engine.descriptor.ClassBasedTestDescriptor.invokeTestClassConstructor(ClassBasedTestDescriptor.java:363)
        at org.junit.jupiter.engine.descriptor.ClassBasedTestDescriptor.instantiateTestClass(ClassBasedTestDescriptor.java:310)
        at org.junit.jupiter.engine.descriptor.ClassTestDescriptor.instantiateTestClass(ClassTestDescriptor.java:79)
        at org.junit.jupiter.engine.descriptor.ClassBasedTestDescriptor.instantiateAndPostProcessTestInstance(ClassBasedTestDescriptor.java:286)
        at org.junit.jupiter.engine.descriptor.ClassBasedTestDescriptor.lambda$testInstancesProvider$4(ClassBasedTestDescriptor.java:278)
        at java.base/java.util.Optional.orElseGet(Optional.java:364)
        at org.junit.jupiter.engine.descriptor.ClassBasedTestDescriptor.lambda$testInstancesProvider$5(ClassBasedTestDescriptor.java:277)
        at org.junit.jupiter.engine.execution.TestInstancesProvider.getTestInstances(TestInstancesProvider.java:31)
        at org.junit.jupiter.engine.descriptor.TestMethodTestDescriptor.lambda$prepare$0(TestMethodTestDescriptor.java:105)
        at org.junit.platform.engine.support.hierarchical.ThrowableCollector.execute(ThrowableCollector.java:73)
        at org.junit.jupiter.engine.descriptor.TestMethodTestDescriptor.prepare(TestMethodTestDescriptor.java:104)
        at org.junit.jupiter.engine.descriptor.TestMethodTestDescriptor.prepare(TestMethodTestDescriptor.java:68)
        at org.junit.platform.engine.support.hierarchical.NodeTestTask.lambda$prepare$2(NodeTestTask.java:123)
        at org.junit.platform.engine.support.hierarchical.ThrowableCollector.execute(ThrowableCollector.java:73)
        at org.junit.platform.engine.support.hierarchical.NodeTestTask.prepare(NodeTestTask.java:123)
        at org.junit.platform.engine.support.hierarchical.NodeTestTask.execute(NodeTestTask.java:90)
        at java.base/java.util.ArrayList.forEach(ArrayList.java:1511)
        at org.junit.platform.engine.support.hierarchical.SameThreadHierarchicalTestExecutorService.invokeAll(SameThreadHierarchicalTestExecutorService.java:41)
        at org.junit.platform.engine.support.hierarchical.NodeTestTask.lambda$executeRecursively$6(NodeTestTask.java:155)
        at org.junit.platform.engine.support.hierarchical.ThrowableCollector.execute(ThrowableCollector.java:73)
        at org.junit.platform.engine.support.hierarchical.NodeTestTask.lambda$executeRecursively$8(NodeTestTask.java:141)
        at org.junit.platform.engine.support.hierarchical.Node.around(Node.java:137)
        at org.junit.platform.engine.support.hierarchical.NodeTestTask.lambda$executeRecursively$9(NodeTestTask.java:139)
        at org.junit.platform.engine.support.hierarchical.ThrowableCollector.execute(ThrowableCollector.java:73)
        at org.junit.platform.engine.support.hierarchical.NodeTestTask.executeRecursively(NodeTestTask.java:138)
        at org.junit.platform.engine.support.hierarchical.NodeTestTask.execute(NodeTestTask.java:95)
        at java.base/java.util.ArrayList.forEach(ArrayList.java:1511)
        at org.junit.platform.engine.support.hierarchical.SameThreadHierarchicalTestExecutorService.invokeAll(SameThreadHierarchicalTestExecutorService.java:41)
        at org.junit.platform.engine.support.hierarchical.NodeTestTask.lambda$executeRecursively$6(NodeTestTask.java:155)
        at org.junit.platform.engine.support.hierarchical.ThrowableCollector.execute(ThrowableCollector.java:73)
        at org.junit.platform.engine.support.hierarchical.NodeTestTask.lambda$executeRecursively$8(NodeTestTask.java:141)
        at org.junit.platform.engine.support.hierarchical.Node.around(Node.java:137)
        at org.junit.platform.engine.support.hierarchical.NodeTestTask.lambda$executeRecursively$9(NodeTestTask.java:139)
        at org.junit.platform.engine.support.hierarchical.ThrowableCollector.execute(ThrowableCollector.java:73)
        at org.junit.platform.engine.support.hierarchical.NodeTestTask.executeRecursively(NodeTestTask.java:138)
        at org.junit.platform.engine.support.hierarchical.NodeTestTask.execute(NodeTestTask.java:95)
        at org.junit.platform.engine.support.hierarchical.SameThreadHierarchicalTestExecutorService.submit(SameThreadHierarchicalTestExecutorService.java:35)
        at org.junit.platform.engine.support.hierarchical.HierarchicalTestExecutor.execute(HierarchicalTestExecutor.java:57)
        at org.junit.platform.engine.support.hierarchical.HierarchicalTestEngine.execute(HierarchicalTestEngine.java:54)
        at org.junit.platform.launcher.core.EngineExecutionOrchestrator.execute(EngineExecutionOrchestrator.java:107)
        at org.junit.platform.launcher.core.EngineExecutionOrchestrator.execute(EngineExecutionOrchestrator.java:88)
        at org.junit.platform.launcher.core.EngineExecutionOrchestrator.lambda$execute$0(EngineExecutionOrchestrator.java:54)
        at org.junit.platform.launcher.core.EngineExecutionOrchestrator.withInterceptedStreams(EngineExecutionOrchestrator.java:67)
        at org.junit.platform.launcher.core.EngineExecutionOrchestrator.execute(EngineExecutionOrchestrator.java:52)
        at org.junit.platform.launcher.core.DefaultLauncher.execute(DefaultLauncher.java:114)
        at org.junit.platform.launcher.core.DefaultLauncher.execute(DefaultLauncher.java:86)
        at org.junit.platform.launcher.core.DefaultLauncherSession$DelegatingLauncher.execute(DefaultLauncherSession.java:86)
        at org.junit.platform.launcher.core.SessionPerRequestLauncher.execute(SessionPerRequestLauncher.java:53)
        at org.gradle.api.internal.tasks.testing.junitplatform.JUnitPlatformTestClassProcessor$CollectAllTestClassesExecutor.processAllTestClasses(JUnitPlatformTestClassProcessor.java:99)
        at org.gradle.api.internal.tasks.testing.junitplatform.JUnitPlatformTestClassProcessor$CollectAllTestClassesExecutor.access$000(JUnitPlatformTestClassProcessor.java:79)
        at org.gradle.api.internal.tasks.testing.junitplatform.JUnitPlatformTestClassProcessor.stop(JUnitPlatformTestClassProcessor.java:75)
        at org.gradle.api.internal.tasks.testing.SuiteTestClassProcessor.stop(SuiteTestClassProcessor.java:62)
        at java.base/jdk.internal.reflect.NativeMethodAccessorImpl.invoke0(Native Method)
        at java.base/jdk.internal.reflect.NativeMethodAccessorImpl.invoke(NativeMethodAccessorImpl.java:77)
        at java.base/jdk.internal.reflect.DelegatingMethodAccessorImpl.invoke(DelegatingMethodAccessorImpl.java:43)
        at java.base/java.lang.reflect.Method.invoke(Method.java:569)
        at org.gradle.internal.dispatch.ReflectionDispatch.dispatch(ReflectionDispatch.java:36)
        at org.gradle.internal.dispatch.ReflectionDispatch.dispatch(ReflectionDispatch.java:24)
        at org.gradle.internal.dispatch.ContextClassLoaderDispatch.dispatch(ContextClassLoaderDispatch.java:33)
        at org.gradle.internal.dispatch.ProxyDispatchAdapter$DispatchingInvocationHandler.invoke(ProxyDispatchAdapter.java:94)
        at jdk.proxy1/jdk.proxy1.$Proxy2.stop(Unknown Source)
        at org.gradle.api.internal.tasks.testing.worker.TestWorker$3.run(TestWorker.java:193)
        at org.gradle.api.internal.tasks.testing.worker.TestWorker.executeAndMaintainThreadName(TestWorker.java:129)
        at org.gradle.api.internal.tasks.testing.worker.TestWorker.execute(TestWorker.java:100)
        at org.gradle.api.internal.tasks.testing.worker.TestWorker.execute(TestWorker.java:60)
        at org.gradle.process.internal.worker.child.ActionExecutionWorker.execute(ActionExecutionWorker.java:56)
        at org.gradle.process.internal.worker.child.SystemApplicationClassLoaderWorker.call(SystemApplicationClassLoaderWorker.java:113)
        at org.gradle.process.internal.worker.child.SystemApplicationClassLoaderWorker.call(SystemApplicationClassLoaderWorker.java:65)
        at worker.org.gradle.process.internal.worker.GradleWorkerMain.run(GradleWorkerMain.java:69)
        at worker.org.gradle.process.internal.worker.GradleWorkerMain.main(GradleWorkerMain.java:74)

        Caused by:
        java.lang.ExceptionInInitializerError: Exception java.lang.ExceptionInInitializerError [in thread "Test worker"]
            at java.base/jdk.internal.reflect.NativeConstructorAccessorImpl.newInstance0(Native Method)
            ... 85 more

6 tests completed, 6 failed
Finished generating test XML results (0.009 secs) into: C:\Users\Korisnik\IdeaProjects\DIS_I225-2025_Mia_Nedeljkovic_SmartCity\microservices\alert-service\build\test-results\test
Generating HTML test report...
Finished generating test html results (0.058 secs) into: C:\Users\Korisnik\IdeaProjects\DIS_I225-2025_Mia_Nedeljkovic_SmartCity\microservices\alert-service\build\reports\tests\test

FAILURE: Build failed with an exception.

* What went wrong:
Execution failed for task ':microservices:alert-service:test'.
> There were failing tests. See the report at: file:///C:/Users/Korisnik/IdeaProjects/DIS_I225-2025_Mia_Nedeljkovic_SmartCity/microservices/alert-service/build/reports/tests/test/index.html

* Try:
> Run with --stacktrace option to get the stack trace.
> Run with --debug option to get more log output.
> Run with --scan to get full insights.

* Get more help at https://help.gradle.org

BUILD FAILED in 34s
9 actionable tasks: 1 executed, 8 up-to-date
Watched directory hierarchies: [C:\Users\Korisnik\IdeaProjects\DIS_I225-2025_Mia_Nedeljkovic_SmartCity]
